<nav epub:type="toc">
  <ol><li>
<a href="ch01.html#ch01-1">Introduction</a><ol><li>
<a href="ch01.html#ch01-2">Welcome to the World of Programming</a>
</li><li>
<a href="ch01.html#ch01-3">Why Choose Ruby?</a>
</li><li>
<a href="ch01.html#ch01-4">Setting Up Your Development Environment</a><ol><li>
<a href="ch01.html#ch01-5">Installing Ruby</a>
</li><li>
<a href="ch01.html#ch01-6">Choosing a Text Editor or IDE</a>
</li></ol>
</li></ol>
</li><li>
<a href="ch02.html#ch02-1">Getting Started with Ruby</a><ol><li>
<a href="ch02.html#ch02-2">Hello, Ruby!</a><ol><li>
<a href="ch02.html#ch02-3">Your First Ruby Program</a>
</li><li>
<a href="ch02.html#ch02-4">Understanding the &quot;Hello, World!&quot; Tradition</a>
</li></ol>
</li><li>
<a href="ch02.html#ch02-5">Variables and Data Types</a><ol><li>
<a href="ch02.html#ch02-6">Understanding Variables</a>
</li><li>
<a href="ch02.html#ch02-7">Exploring Different Data Types in Ruby</a>
</li></ol>
</li></ol>
</li><li>
<a href="ch02.html#ch02-8">Control Flow and Logic</a><ol><li>
<a href="ch02.html#ch02-9">Conditional Statements</a><ol><li>
<a href="ch02.html#ch02-10">Statements</a>
</li><li>
<a href="ch02.html#ch02-11">Case Statements</a>
</li></ol>
</li></ol>
</li></ol>
</nav>
